// Jest Snapshot v1, https://goo.gl/fbAQLP

exports[`<Header /> should render the Header 1`] = `
<div
  class="MuiBox-root css-1dvu9bo"
>
  <div
    class="MuiBox-root css-rozte9"
  >
    <div
      class="MuiBox-root css-f5t1ey"
    />
    <h4
      class="MuiTypography-root MuiTypography-h4 css-6041mz-MuiTypography-root"
    >
      home
    </h4>
  </div>
  <div
    class="MuiBox-root css-yzg3r8"
  >
    <a
      aria-current="page"
      class="css-i844pp active"
      data-discover="true"
      href="/"
    >
      <svg
        aria-hidden="true"
        class="MuiSvgIcon-root MuiSvgIcon-fontSizeMedium css-1umw9bq-MuiSvgIcon-root"
        data-testid="HomeIcon"
        focusable="false"
        viewBox="0 0 24 24"
      >
        <path
          d="M10 20v-6h4v6h5v-8h3L12 3 2 12h3v8z"
        />
      </svg>
    </a>
    <a
      class="css-i844pp"
      data-discover="true"
      href="/history"
    >
      <svg
        aria-hidden="true"
        class="MuiSvgIcon-root MuiSvgIcon-fontSizeMedium css-1umw9bq-MuiSvgIcon-root"
        data-testid="HistoryIcon"
        focusable="false"
        viewBox="0 0 24 24"
      >
        <path
          d="M13 3c-4.97 0-9 4.03-9 9H1l3.89 3.89.07.14L9 12H6c0-3.87 3.13-7 7-7s7 3.13 7 7-3.13 7-7 7c-1.93 0-3.68-.79-4.94-2.06l-1.42 1.42C8.27 19.99 10.51 21 13 21c4.97 0 9-4.03 9-9s-4.03-9-9-9m-1 5v5l4.28 2.54.72-1.21-3.5-2.08V8z"
        />
      </svg>
    </a>
  </div>
</div>
`;
