// Jest Snapshot v1, https://goo.gl/fbAQLP

exports[`<RideItem /> should render the RideItem 1`] = `
<div
  class="MuiBox-root css-1huvmu8"
>
  <div
    class="MuiBox-root css-1omog99"
  >
    <div
      class="MuiBox-root css-1km0bek"
    >
      <div
        class="MuiBox-root css-1918gzb"
        data-mui-internal-clone-element="true"
      >
        <svg
          aria-hidden="true"
          class="MuiSvgIcon-root MuiSvgIcon-fontSizeMedium css-l4er83-MuiSvgIcon-root"
          data-testid="InfoIcon"
          focusable="false"
          viewBox="0 0 24 24"
        >
          <path
            d="M12 2C6.48 2 2 6.48 2 12s4.48 10 10 10 10-4.48 10-10S17.52 2 12 2m1 15h-2v-6h2zm0-8h-2V7h2z"
          />
        </svg>
        <p
          class="MuiTypography-root MuiTypography-body1 css-114o3mv-MuiTypography-root"
        >
          Teste Motorista
        </p>
      </div>
      <div
        class="MuiBox-root css-1918gzb"
      >
        <svg
          aria-hidden="true"
          class="MuiSvgIcon-root MuiSvgIcon-fontSizeMedium css-1umw9bq-MuiSvgIcon-root"
          data-testid="DirectionsCarIcon"
          focusable="false"
          viewBox="0 0 24 24"
        >
          <path
            d="M18.92 6.01C18.72 5.42 18.16 5 17.5 5h-11c-.66 0-1.21.42-1.42 1.01L3 12v8c0 .55.45 1 1 1h1c.55 0 1-.45 1-1v-1h12v1c0 .55.45 1 1 1h1c.55 0 1-.45 1-1v-8zM6.5 16c-.83 0-1.5-.67-1.5-1.5S5.67 13 6.5 13s1.5.67 1.5 1.5S7.33 16 6.5 16m11 0c-.83 0-1.5-.67-1.5-1.5s.67-1.5 1.5-1.5 1.5.67 1.5 1.5-.67 1.5-1.5 1.5M5 11l1.5-4.5h11L19 11z"
          />
        </svg>
        <p
          class="MuiTypography-root MuiTypography-body1 css-wk4wti-MuiTypography-root"
        >
          Teste Veículo
        </p>
      </div>
    </div>
    <p
      class="MuiTypography-root MuiTypography-body1 css-7qgm32-MuiTypography-root"
    >
      R$ 
      10
    </p>
  </div>
  <div
    class="MuiBox-root css-bo4obb"
  >
    <p
      class="MuiTypography-root MuiTypography-body1 css-wk4wti-MuiTypography-root"
    >
      Teste Descrição
    </p>
    <button
      class="MuiButtonBase-root MuiButton-root MuiButton-contained MuiButton-containedPrimary MuiButton-sizeMedium MuiButton-containedSizeMedium MuiButton-colorPrimary MuiButton-root MuiButton-contained MuiButton-containedPrimary MuiButton-sizeMedium MuiButton-containedSizeMedium MuiButton-colorPrimary css-p1tr6x-MuiButtonBase-root-MuiButton-root"
      tabindex="0"
      type="button"
    >
      Solicitar
    </button>
  </div>
</div>
`;
